// Jest Snapshot v1, https://goo.gl/fbAQLP

exports[`<QuestionDetails/> renders correctly 1`] = `ShallowWrapper {}`;
