// Jest Snapshot v1, https://goo.gl/fbAQLP

exports[`<Choice/> renders correctly 1`] = `ShallowWrapper {}`;
