// Jest Snapshot v1, https://goo.gl/fbAQLP

exports[`<Questions/> renders correctly 1`] = `ShallowWrapper {}`;
