// Jest Snapshot v1, https://goo.gl/fbAQLP

exports[`<Choices/> renders correctly 1`] = `ShallowWrapper {}`;
